// Jest Snapshot v1, https://goo.gl/fbAQLP

exports[`DropdownAchievements component Matches the snapshot 1`] = `
<div
  className="dropdown-achievements"
>
  <div
    className="title main"
    onClick={[Function]}
  >
    <span
      className="material-icons"
    >
      arrow_back
    </span>
    <span>
      Achievements
    </span>
  </div>
  <div
    className="item"
  >
    <div
      className="title"
    >
      Choose crops
    </div>
    <div
      className="subtitle"
    >
      Add crops to all of your fields in the current season
    </div>
    <div
      className="progress-container"
    >
      <progress
        className="progress"
        max="100"
        value="35"
      />
      <div
        className="progress-count subtitle"
      >
        35%
      </div>
    </div>
  </div>
  <div
    className="item"
  >
    <div
      className="title"
    >
      Add tasks to 3 fields
    </div>
    <div
      className="subtitle"
    >
      Try adding tasks of your choise to 3 fields
    </div>
    <div
      className="progress-container"
    >
      <progress
        className="progress"
        max="100"
        value="33"
      />
      <div
        className="progress-count subtitle"
      >
        1/3
      </div>
    </div>
  </div>
  <div
    className="item"
  >
    <div
      className="title"
    >
      Export the field diary report
    </div>
    <div
      className="subtitle"
    >
      Get most important report in just few clicks :what:
    </div>
    <div
      className="progress-container"
    >
      <progress
        className="progress"
        max="1"
        value="0"
      />
      <div
        className="progress-count subtitle"
      >
        0/1
      </div>
    </div>
  </div>
  <div
    className="item completed"
  >
    <div
      className="title"
    >
      Install mobile app
    </div>
    <div
      className="subtitle"
    >
      See your farm data wherever you go, for you and for your workers
    </div>
    <div
      className="progress-container"
    >
      <progress
        className="progress"
        max="1"
        value="0"
      />
      <div
        className="progress-count subtitle"
      >
        <span
          className="material-icons-outlined"
        >
          check
        </span>
      </div>
    </div>
  </div>
  <div
    className="item"
  >
    <div
      className="title"
    >
      Add your employees
    </div>
  </div>
</div>
`;
